[l.v.sop.com/index/index.html]
[backblue.gif]
[fade.gif]
[index.html]
[l.v.sop.com/sites/default/files/css/css_d22b706174ac77243b17cfa8291c8861/index.css]
[l.v.sop.com/sites/default/files/js/js_9cb65d81a795ffb52412621ab30b8195/index.js]
[l.v.sop.com/home/index.html]
[l.v.sop.com/sites/all/themes/saveonplants/images/logo/index.jpg]
[l.v.sop.com/index/index.html]
[l.v.sop.com/sites/all/themes/saveonplants/images/splash/index.jpg]
[l.v.sop.com/sites/all/themes/ninesixty/images/16_col/index.gif]
[l.v.sop.com/sites/all/themes/ninesixty/images/12_col/index.gif]
[l.v.sop.com/sites/all/themes/ninesixty/images/grid_count/1/index.png]
[l.v.sop.com/sites/all/themes/ninesixty/images/grid_count/2/index.png]
[l.v.sop.com/sites/all/themes/ninesixty/images/grid_count/3/index.png]
[l.v.sop.com/sites/all/themes/ninesixty/images/grid_count/4/index.png]
[l.v.sop.com/sites/all/themes/ninesixty/images/grid_count/5/index.png]
[l.v.sop.com/sites/all/themes/ninesixty/images/grid_count/6/index.png]
[l.v.sop.com/sites/all/themes/ninesixty/images/grid_count/7/index.png]
[l.v.sop.com/sites/all/themes/ninesixty/images/grid_count/8/index.png]
[l.v.sop.com/sites/all/themes/ninesixty/images/grid_count/9/index.png]
[l.v.sop.com/sites/all/themes/ninesixty/images/grid_count/10/index.png]
[l.v.sop.com/sites/all/themes/ninesixty/images/grid_count/11/index.png]
[l.v.sop.com/sites/all/themes/ninesixty/images/grid_count/12/index.png]
[l.v.sop.com/sites/all/themes/ninesixty/images/grid_count/13/index.png]
[l.v.sop.com/sites/all/themes/ninesixty/images/grid_count/14/index.png]
[l.v.sop.com/sites/all/themes/ninesixty/images/grid_count/15/index.png]
[l.v.sop.com/sites/all/themes/ninesixty/images/grid_count/16/index.png]
[l.v.sop.com/misc/tree/index.png]
[l.v.sop.com/misc/tree-bottom/index.png]
[l.v.sop.com/misc/throbber/index.gif]
[l.v.sop.com/misc/menu-expanded/index.png]
[l.v.sop.com/misc/menu-collapsed/index.png]
[l.v.sop.com/misc/grippie/index.png]
[l.v.sop.com/misc/draggable/index.png]
[l.v.sop.com/misc/progress/index.gif]
[l.v.sop.com/misc/menu-leaf/index.png]
[l.v.sop.com/sites/all/themes/saveonplants/images/messages-status/index.png]
[l.v.sop.com/sites/all/themes/saveonplants/images/messages-warning/index.png]
[l.v.sop.com/sites/all/themes/saveonplants/images/messages-error/index.png]
[l.v.sop.com/sites/all/themes/saveonplants/images/horizontal_bar_strip/index.jpg]
[l.v.sop.com/sites/all/themes/saveonplants/images/header_strip/index.jpg]
[l.v.sop.com/sites/all/themes/saveonplants/images/splash_strip/index.jpg]
[l.v.sop.com/sites/default/files/css/css_d22b706174ac77243b17cfa8291c8861/index.css]
[l.v.sop.com/sites/default/files/js/js_d07e272dc4b86736c629add61f7c9d15/index.js]
[l.v.sop.com/contact/index.html]
[l.v.sop.com/sites/default/files/imagecache/banner_scale_780/banner_images/Tree Branch_0/index.jpg]
[l.v.sop.com/sites/default/files/2020 flyer outside/index.pdf]
[l.v.sop.com/sites/default/files/2020 flyer inside/index.pdf]
[l.v.sop.com/sites/default/files/2020 prices cedar and yew_0/index.xls]
[l.v.sop.com/plant-selection/index.html]
[l.v.sop.com/deciding-which-plants-best-suit-your-needs/index.html]
[l.v.sop.com/photos-and-plant-information/index.html]
[l.v.sop.com/free-landscape-designs/index.html]
[l.v.sop.com/planting-instructions/index.html]
[l.v.sop.com/picking-plants/index.html]
[l.v.sop.com/delivery/index.html]
[l.v.sop.com/neighbourhood-planting-party/index.html]
[l.v.sop.com/other-products/index.html]
[l.v.sop.com/gift-certificates/index.html]
[l.v.sop.com/pricing/index.html]
[l.v.sop.com/quality/index.html]
[l.v.sop.com/warranty/index.html]
[l.v.sop.com/landscapers-developers-and-retailers/index.html]
[l.v.sop.com/hours/index.html]
[l.v.sop.com/map/index.html]
[l.v.sop.com/node/40/index.html]
[l.v.sop.com/home/index.html]
[l.v.sop.com/user/index.html]
[l.v.sop.com/contact/index.html]
[l.v.sop.com/sites/default/files/imagecache/banner_scale_780/imagefield_default_images/garden_banner/index.jpg]
[l.v.sop.com/sites/default/files/imagecache/banner_scale_780/banner_images/Photo Home Page_0/index.jpg]
[l.v.sop.com/plant-selection/attract-butterflies/index.html]
[l.v.sop.com/plant-selection/azalea-and-rhododendrons/index.html]
[l.v.sop.com/plant-selection/deciduous-trees/index.html]
[l.v.sop.com/plant-selection/drought-tolerant/index.html]
[l.v.sop.com/plant-selection/evergreen-flat-leaf/index.html]
[l.v.sop.com/plant-selection/evergreen/index.html]
[l.v.sop.com/plant-selection/native-plants/index.html]
[l.v.sop.com/plant-selection/northern-customers-zone-4-or-less/index.html]
[l.v.sop.com/plant-selection/perennials/index.html]
[l.v.sop.com/plant-selection/salt-conditions/index.html]
[l.v.sop.com/plant-selection/shrubs-and-bushes/index.html]
[l.v.sop.com/plant-selection/standards/index.html]
[l.v.sop.com/plant-selection/vines/index.html]
[l.v.sop.com/plant-selection/wet-conditions/index.html]
[l.v.sop.com/plant-selection/index.html]
[l.v.sop.com/sites/default/files/imagecache/banner_scale_780/banner_images/Green Leaves with White Trim_0/index.jpg]
[l.v.sop.com/deciding-which-plants-best-suit-your-needs/index.html]
[l.v.sop.com/sites/default/files/imagecache/banner_scale_780/banner_images/photo/index.jpg]
[l.v.sop.com/photos-and-plant-information/index.html]
[l.v.sop.com/sites/default/files/imagecache/banner_scale_780/banner_images/photo_0_0/index.jpg]
[l.v.sop.com/free-landscape-designs/index.html]
[l.v.sop.com/sites/default/files/imagecache/banner_scale_780/banner_images/photo for home of 4_0/index.jpg]
[l.v.sop.com/planting-instructions/balled-and-burlapped-bb/index.html]
[l.v.sop.com/planting-instructions/flyer-planting-tips/index.html]
[l.v.sop.com/planting-instructions/index.html]
[l.v.sop.com/planting-instructions/plastic-potted-plants/index.html]
[l.v.sop.com/picking-plants/index.html]
[l.v.sop.com/sites/default/files/imagecache/banner_scale_780/banner_images/1202972_11286604/index.jpg]
[l.v.sop.com/delivery/index.html]
[l.v.sop.com/sites/default/files/imagecache/banner_scale_780/banner_images/IMG_8702/index.jpg]
[l.v.sop.com/sites/default/files/imagecache/banner_scale_780/banner_images/planning_party/index.jpg]
[l.v.sop.com/planting-instructions/planting-diagram/index.html]
[l.v.sop.com/neighbourhood-planting-party/index.html]
[l.v.sop.com/sites/default/files/imagecache/banner_scale_780/banner_images/bagged stuff_0/index.jpg]
[l.v.sop.com/other-products/index.html]
[l.v.sop.com/gift-certificates/index.html]
[l.v.sop.com/sites/default/files/imagecache/banner_scale_780/banner_images/photo_bridge/index.jpg]
[l.v.sop.com/pricing/index.html]
[l.v.sop.com/sites/default/files/imagecache/banner_scale_780/banner_images/photo_0/index.jpg]
[l.v.sop.com/quality/index.html]
[l.v.sop.com/sites/default/files/imagecache/banner_scale_780/banner_images/quality/index.jpg]
[l.v.sop.com/sites/default/files/imagecache/banner_scale_780/banner_images/647046_99057542/index.jpg]
[l.v.sop.com/warranty/index.html]
[l.v.sop.com/landscapers-developers-and-retailers/index.html]
[www.saveonplants.ca/sites/default/files/2019_flyer_full.3a/index.delayed]
[l.v.sop.com/sites/default/files/imagecache/banner_scale_780/banner_images/house/index.jpg]
[l.v.sop.com/hours/index.html]
[l.v.sop.com/sites/default/files/imagecache/banner_scale_780/banner_images/Photoxpress_2933601_0/index.jpg]
[l.v.sop.com/map/index.html]
[l.v.sop.com/node/40/index.html]
[l.v.sop.com/sites/all/themes/saveonplants/images/map/index.jpg]
[l.v.sop.com/sites/all/themes/saveonplants/images/garden_banner/index.jpg]
[l.v.sop.com/user/password/index.html]
[l.v.sop.com/user/index.html]
[l.v.sop.com/plant-selection/attract-butterflies/index.html]
[l.v.sop.com/sites/default/files/imagecache/banner_scale_780/banner_images/1241451_84722994_0/index.jpg]
[l.v.sop.com/sites/default/files/imagecache/banner_scale_780/banner_images/1202959_51332325_0/index.jpg]
[l.v.sop.com/plant-selection/azalea-and-rhododendrons/index.html]
[l.v.sop.com/sites/default/files/imagecache/banner_scale_780/banner_images/898432_73508063_0/index.jpg]
[l.v.sop.com/plant-selection/deciduous-trees/index.html]
[l.v.sop.com/sites/default/files/imagecache/banner_scale_780/banner_images/1202972_11286604_1_0/index.jpg]
[l.v.sop.com/plant-selection/drought-tolerant/index.html]
[l.v.sop.com/plant-selection/evergreen-flat-leaf/index.html]
[l.v.sop.com/plant-selection/evergreen/index.html]
[l.v.sop.com/plant-selection/native-plants/index.html]
[l.v.sop.com/plant-selection/northern-customers-zone-4-or-less/index.html]
[l.v.sop.com/plant-selection/perennials/index.html]
[l.v.sop.com/plant-selection/salt-conditions/index.html]
[l.v.sop.com/plant-selection/shrubs-and-bushes/index.html]
[l.v.sop.com/plant-selection/standards/index.html]
[l.v.sop.com/sites/default/files/imagecache/banner_scale_780/banner_images/1268224_37280425_0_0/index.jpg]
[l.v.sop.com/plant-selection/vines/index.html]
[l.v.sop.com/sites/default/files/imagecache/banner_scale_780/banner_images/Photoxpress_925748_0/index.jpg]
[l.v.sop.com/plant-selection/wet-conditions/index.html]
[www.saveonplants.ca/plant-selection.50/index.delayed]
[l.v.sop.com/planting-instructions/balled-and-burlapped-bb/index.html]
[l.v.sop.com/planting-instructions/flyer-planting-tips/index.html]
[l.v.sop.com/planting-instructions/planting-diagram/index.html]
[l.v.sop.com/planting-instructions/plastic-potted-plants/index.html]
[l.v.sop.com/user/password/index.html]
